Archive member included because of file (symbol)

C:\Users\10607176\Documents\Lab0\Lab0\Library\libLab0.a(LEDs.o)
                              ./Sources/main.o (LEDs_Init)
C:\Users\10607176\Documents\Lab0\Lab0\Library\libLab0.a(buttons.o)
                              ./Sources/main.o (Buttons_Init)
C:\Users\10607176\Documents\Lab0\Lab0\Library\libLab0.a(timer.o)
                              ./Sources/main.o (Timer_Init)
c:/freescale/kds_3.0.0/toolchain/bin/../lib/gcc/arm-none-eabi/4.8.4/../../../../arm-none-eabi/lib/armv7e-m/fpu\libg_s.a(lib_a-exit.o)
                              c:/freescale/kds_3.0.0/toolchain/bin/../lib/gcc/arm-none-eabi/4.8.4/../../../../arm-none-eabi/lib/armv7e-m/fpu/crt0.o (exit)
c:/freescale/kds_3.0.0/toolchain/bin/../lib/gcc/arm-none-eabi/4.8.4/../../../../arm-none-eabi/lib/armv7e-m/fpu\libg_s.a(lib_a-impure.o)
                              c:/freescale/kds_3.0.0/toolchain/bin/../lib/gcc/arm-none-eabi/4.8.4/../../../../arm-none-eabi/lib/armv7e-m/fpu\libg_s.a(lib_a-exit.o) (_global_impure_ptr)
c:/freescale/kds_3.0.0/toolchain/bin/../lib/gcc/arm-none-eabi/4.8.4/../../../../arm-none-eabi/lib/armv7e-m/fpu\libg_s.a(lib_a-init.o)
                              c:/freescale/kds_3.0.0/toolchain/bin/../lib/gcc/arm-none-eabi/4.8.4/../../../../arm-none-eabi/lib/armv7e-m/fpu/crt0.o (__libc_init_array)
c:/freescale/kds_3.0.0/toolchain/bin/../lib/gcc/arm-none-eabi/4.8.4/../../../../arm-none-eabi/lib/armv7e-m/fpu\libg_s.a(lib_a-memset.o)
                              c:/freescale/kds_3.0.0/toolchain/bin/../lib/gcc/arm-none-eabi/4.8.4/../../../../arm-none-eabi/lib/armv7e-m/fpu/crt0.o (memset)
c:/freescale/kds_3.0.0/toolchain/bin/../lib/gcc/arm-none-eabi/4.8.4/../../../../arm-none-eabi/lib/armv7e-m/fpu\libnosys.a(_exit.o)
                              c:/freescale/kds_3.0.0/toolchain/bin/../lib/gcc/arm-none-eabi/4.8.4/../../../../arm-none-eabi/lib/armv7e-m/fpu\libg_s.a(lib_a-exit.o) (_exit)

Allocating common symbols
Common symbol       size              file

SR_reg              0x1               ./Generated_Code/Cpu.o
Buffer              0x14              ./Sources/main.o

Discarded input sections

 .text          0x00000000        0x0 c:/freescale/kds_3.0.0/toolchain/bin/../lib/gcc/arm-none-eabi/4.8.4/armv7e-m/fpu/crti.o
 .data          0x00000000        0x0 c:/freescale/kds_3.0.0/toolchain/bin/../lib/gcc/arm-none-eabi/4.8.4/armv7e-m/fpu/crti.o
 .bss           0x00000000        0x0 c:/freescale/kds_3.0.0/toolchain/bin/../lib/gcc/arm-none-eabi/4.8.4/armv7e-m/fpu/crti.o
 .data          0x00000000        0x4 c:/freescale/kds_3.0.0/toolchain/bin/../lib/gcc/arm-none-eabi/4.8.4/armv7e-m/fpu/crtbegin.o
 .data          0x00000000        0x0 c:/freescale/kds_3.0.0/toolchain/bin/../lib/gcc/arm-none-eabi/4.8.4/../../../../arm-none-eabi/lib/armv7e-m/fpu/crt0.o
 .bss           0x00000000        0x0 c:/freescale/kds_3.0.0/toolchain/bin/../lib/gcc/arm-none-eabi/4.8.4/../../../../arm-none-eabi/lib/armv7e-m/fpu/crt0.o
 .ARM.extab     0x00000000        0x0 c:/freescale/kds_3.0.0/toolchain/bin/../lib/gcc/arm-none-eabi/4.8.4/../../../../arm-none-eabi/lib/armv7e-m/fpu/crt0.o
 .group         0x00000000        0x8 ./Sources/FIFO.o
 .text          0x00000000        0x0 ./Sources/FIFO.o
 .data          0x00000000        0x0 ./Sources/FIFO.o
 .bss           0x00000000        0x0 ./Sources/FIFO.o
 .debug_info    0x00000000       0x21 ./Sources/FIFO.o
 .debug_abbrev  0x00000000       0x13 ./Sources/FIFO.o
 .debug_aranges
                0x00000000       0x18 ./Sources/FIFO.o
 .debug_macro   0x00000000       0x11 ./Sources/FIFO.o
 .debug_macro   0x00000000      0x850 ./Sources/FIFO.o
 .debug_line    0x00000000       0x32 ./Sources/FIFO.o
 .debug_str     0x00000000     0x2418 ./Sources/FIFO.o
 .comment       0x00000000       0x71 ./Sources/FIFO.o
 .ARM.attributes
                0x00000000       0x39 ./Sources/FIFO.o
 .group         0x00000000        0x8 ./Sources/main.o
 .group         0x00000000        0x8 ./Sources/main.o
 .group         0x00000000        0x8 ./Sources/main.o
 .group         0x00000000        0x8 ./Sources/main.o
 .group         0x00000000        0x8 ./Sources/main.o
 .group         0x00000000        0x8 ./Sources/main.o
 .group         0x00000000        0x8 ./Sources/main.o
 .group         0x00000000        0x8 ./Sources/main.o
 .group         0x00000000        0x8 ./Sources/main.o
 .group         0x00000000        0x8 ./Sources/main.o
 .text          0x00000000        0x0 ./Sources/main.o
 .data          0x00000000        0x0 ./Sources/main.o
 .bss           0x00000000        0x0 ./Sources/main.o
 .debug_macro   0x00000000      0x850 ./Sources/main.o
 .group         0x00000000        0x8 ./Project_Settings/Startup_Code/startup.o
 .group         0x00000000        0x8 ./Project_Settings/Startup_Code/startup.o
 .group         0x00000000        0x8 ./Project_Settings/Startup_Code/startup.o
 .group         0x00000000        0x8 ./Project_Settings/Startup_Code/startup.o
 .group         0x00000000        0x8 ./Project_Settings/Startup_Code/startup.o
 .group         0x00000000        0x8 ./Project_Settings/Startup_Code/startup.o
 .group         0x00000000        0x8 ./Project_Settings/Startup_Code/startup.o
 .group         0x00000000        0x8 ./Project_Settings/Startup_Code/startup.o
 .group         0x00000000        0x8 ./Project_Settings/Startup_Code/startup.o
 .group         0x00000000        0x8 ./Project_Settings/Startup_Code/startup.o
 .group         0x00000000        0x8 ./Project_Settings/Startup_Code/startup.o
 .group         0x00000000        0x8 ./Project_Settings/Startup_Code/startup.o
 .group         0x00000000        0x8 ./Project_Settings/Startup_Code/startup.o
 .group         0x00000000        0x8 ./Project_Settings/Startup_Code/startup.o
 .group         0x00000000        0x8 ./Project_Settings/Startup_Code/startup.o
 .group         0x00000000        0x8 ./Project_Settings/Startup_Code/startup.o
 .group         0x00000000        0x8 ./Project_Settings/Startup_Code/startup.o
 .group         0x00000000        0x8 ./Project_Settings/Startup_Code/startup.o
 .group         0x00000000        0x8 ./Project_Settings/Startup_Code/startup.o
 .text          0x00000000        0x0 ./Project_Settings/Startup_Code/startup.o
 .data          0x00000000        0x0 ./Project_Settings/Startup_Code/startup.o
 .bss           0x00000000        0x0 ./Project_Settings/Startup_Code/startup.o
 .text.__init_hardware
                0x00000000        0xc ./Project_Settings/Startup_Code/startup.o
 .text.__iar_program_start
                0x00000000        0xc ./Project_Settings/Startup_Code/startup.o
 .debug_macro   0x00000000      0x850 ./Project_Settings/Startup_Code/startup.o
 .debug_macro   0x00000000       0x16 ./Project_Settings/Startup_Code/startup.o
 .group         0x00000000        0x8 ./Generated_Code/Cpu.o
 .group         0x00000000        0x8 ./Generated_Code/Cpu.o
 .group         0x00000000        0x8 ./Generated_Code/Cpu.o
 .group         0x00000000        0x8 ./Generated_Code/Cpu.o
 .group         0x00000000        0x8 ./Generated_Code/Cpu.o
 .group         0x00000000        0x8 ./Generated_Code/Cpu.o
 .group         0x00000000        0x8 ./Generated_Code/Cpu.o
 .group         0x00000000        0x8 ./Generated_Code/Cpu.o
 .group         0x00000000        0x8 ./Generated_Code/Cpu.o
 .text          0x00000000        0x0 ./Generated_Code/Cpu.o
 .data          0x00000000        0x0 ./Generated_Code/Cpu.o
 .bss           0x00000000        0x0 ./Generated_Code/Cpu.o
 .bss.SR_lock   0x00000000        0x1 ./Generated_Code/Cpu.o
 .debug_macro   0x00000000      0x850 ./Generated_Code/Cpu.o
 .debug_macro   0x00000000       0x16 ./Generated_Code/Cpu.o
 .debug_macro   0x00000000       0x44 ./Generated_Code/Cpu.o
 .debug_macro   0x00000000      0x209 ./Generated_Code/Cpu.o
 .debug_macro   0x00000000     0x17fa ./Generated_Code/Cpu.o
 .debug_macro   0x00000000      0x14e ./Generated_Code/Cpu.o
 .debug_macro   0x00000000       0x64 ./Generated_Code/Cpu.o
 .debug_macro   0x00000000    0x174c1 ./Generated_Code/Cpu.o
 COMMON         0x00000000        0x1 ./Generated_Code/Cpu.o
 .group         0x00000000        0x8 ./Generated_Code/Vectors.o
 .group         0x00000000        0x8 ./Generated_Code/Vectors.o
 .group         0x00000000        0x8 ./Generated_Code/Vectors.o
 .group         0x00000000        0x8 ./Generated_Code/Vectors.o
 .group         0x00000000        0x8 ./Generated_Code/Vectors.o
 .group         0x00000000        0x8 ./Generated_Code/Vectors.o
 .group         0x00000000        0x8 ./Generated_Code/Vectors.o
 .group         0x00000000        0x8 ./Generated_Code/Vectors.o
 .group         0x00000000        0x8 ./Generated_Code/Vectors.o
 .group         0x00000000        0x8 ./Generated_Code/Vectors.o
 .text          0x00000000        0x0 ./Generated_Code/Vectors.o
 .data          0x00000000        0x0 ./Generated_Code/Vectors.o
 .bss           0x00000000        0x0 ./Generated_Code/Vectors.o
 .debug_macro   0x00000000      0x850 ./Generated_Code/Vectors.o
 .debug_macro   0x00000000       0x16 ./Generated_Code/Vectors.o
 .debug_macro   0x00000000       0x44 ./Generated_Code/Vectors.o
 .debug_macro   0x00000000      0x209 ./Generated_Code/Vectors.o
 .debug_macro   0x00000000     0x17fa ./Generated_Code/Vectors.o
 .debug_macro   0x00000000      0x14e ./Generated_Code/Vectors.o
 .debug_macro   0x00000000       0x64 ./Generated_Code/Vectors.o
 .debug_macro   0x00000000    0x174c1 ./Generated_Code/Vectors.o
 .debug_macro   0x00000000       0x8e ./Generated_Code/Vectors.o
 .debug_macro   0x00000000       0x22 ./Generated_Code/Vectors.o
 .group         0x00000000        0x8 C:\Users\10607176\Documents\Lab0\Lab0\Library\libLab0.a(LEDs.o)
 .group         0x00000000        0x8 C:\Users\10607176\Documents\Lab0\Lab0\Library\libLab0.a(LEDs.o)
 .group         0x00000000        0x8 C:\Users\10607176\Documents\Lab0\Lab0\Library\libLab0.a(LEDs.o)
 .group         0x00000000        0x8 C:\Users\10607176\Documents\Lab0\Lab0\Library\libLab0.a(LEDs.o)
 .group         0x00000000        0x8 C:\Users\10607176\Documents\Lab0\Lab0\Library\libLab0.a(LEDs.o)
 .group         0x00000000        0x8 C:\Users\10607176\Documents\Lab0\Lab0\Library\libLab0.a(LEDs.o)
 .text          0x00000000        0x0 C:\Users\10607176\Documents\Lab0\Lab0\Library\libLab0.a(LEDs.o)
 .data          0x00000000        0x0 C:\Users\10607176\Documents\Lab0\Lab0\Library\libLab0.a(LEDs.o)
 .bss           0x00000000        0x0 C:\Users\10607176\Documents\Lab0\Lab0\Library\libLab0.a(LEDs.o)
 .text.LEDs_On  0x00000000       0x1c C:\Users\10607176\Documents\Lab0\Lab0\Library\libLab0.a(LEDs.o)
 .text.LEDs_Off
                0x00000000       0x1c C:\Users\10607176\Documents\Lab0\Lab0\Library\libLab0.a(LEDs.o)
 .debug_macro   0x00000000      0x850 C:\Users\10607176\Documents\Lab0\Lab0\Library\libLab0.a(LEDs.o)
 .debug_macro   0x00000000       0x16 C:\Users\10607176\Documents\Lab0\Lab0\Library\libLab0.a(LEDs.o)
 .debug_macro   0x00000000       0x44 C:\Users\10607176\Documents\Lab0\Lab0\Library\libLab0.a(LEDs.o)
 .debug_macro   0x00000000      0x209 C:\Users\10607176\Documents\Lab0\Lab0\Library\libLab0.a(LEDs.o)
 .debug_macro   0x00000000       0x22 C:\Users\10607176\Documents\Lab0\Lab0\Library\libLab0.a(LEDs.o)
 .debug_macro   0x00000000    0x174c1 C:\Users\10607176\Documents\Lab0\Lab0\Library\libLab0.a(LEDs.o)
 .group         0x00000000        0x8 C:\Users\10607176\Documents\Lab0\Lab0\Library\libLab0.a(buttons.o)
 .group         0x00000000        0x8 C:\Users\10607176\Documents\Lab0\Lab0\Library\libLab0.a(buttons.o)
 .group         0x00000000        0x8 C:\Users\10607176\Documents\Lab0\Lab0\Library\libLab0.a(buttons.o)
 .group         0x00000000        0x8 C:\Users\10607176\Documents\Lab0\Lab0\Library\libLab0.a(buttons.o)
 .group         0x00000000        0x8 C:\Users\10607176\Documents\Lab0\Lab0\Library\libLab0.a(buttons.o)
 .group         0x00000000        0x8 C:\Users\10607176\Documents\Lab0\Lab0\Library\libLab0.a(buttons.o)
 .group         0x00000000        0x8 C:\Users\10607176\Documents\Lab0\Lab0\Library\libLab0.a(buttons.o)
 .group         0x00000000        0x8 C:\Users\10607176\Documents\Lab0\Lab0\Library\libLab0.a(buttons.o)
 .group         0x00000000        0x8 C:\Users\10607176\Documents\Lab0\Lab0\Library\libLab0.a(buttons.o)
 .group         0x00000000        0x8 C:\Users\10607176\Documents\Lab0\Lab0\Library\libLab0.a(buttons.o)
 .text          0x00000000        0x0 C:\Users\10607176\Documents\Lab0\Lab0\Library\libLab0.a(buttons.o)
 .data          0x00000000        0x0 C:\Users\10607176\Documents\Lab0\Lab0\Library\libLab0.a(buttons.o)
 .bss           0x00000000        0x0 C:\Users\10607176\Documents\Lab0\Lab0\Library\libLab0.a(buttons.o)
 .debug_macro   0x00000000      0x850 C:\Users\10607176\Documents\Lab0\Lab0\Library\libLab0.a(buttons.o)
 .debug_macro   0x00000000       0x16 C:\Users\10607176\Documents\Lab0\Lab0\Library\libLab0.a(buttons.o)
 .debug_macro   0x00000000       0x44 C:\Users\10607176\Documents\Lab0\Lab0\Library\libLab0.a(buttons.o)
 .debug_macro   0x00000000      0x209 C:\Users\10607176\Documents\Lab0\Lab0\Library\libLab0.a(buttons.o)
 .debug_macro   0x00000000       0x22 C:\Users\10607176\Documents\Lab0\Lab0\Library\libLab0.a(buttons.o)
 .debug_macro   0x00000000    0x174c1 C:\Users\10607176\Documents\Lab0\Lab0\Library\libLab0.a(buttons.o)
 .debug_macro   0x00000000      0x14e C:\Users\10607176\Documents\Lab0\Lab0\Library\libLab0.a(buttons.o)
 .debug_macro   0x00000000       0x64 C:\Users\10607176\Documents\Lab0\Lab0\Library\libLab0.a(buttons.o)
 .group         0x00000000        0x8 C:\Users\10607176\Documents\Lab0\Lab0\Library\libLab0.a(timer.o)
 .group         0x00000000        0x8 C:\Users\10607176\Documents\Lab0\Lab0\Library\libLab0.a(timer.o)
 .group         0x00000000        0x8 C:\Users\10607176\Documents\Lab0\Lab0\Library\libLab0.a(timer.o)
 .group         0x00000000        0x8 C:\Users\10607176\Documents\Lab0\Lab0\Library\libLab0.a(timer.o)
 .group         0x00000000        0x8 C:\Users\10607176\Documents\Lab0\Lab0\Library\libLab0.a(timer.o)
 .group         0x00000000        0x8 C:\Users\10607176\Documents\Lab0\Lab0\Library\libLab0.a(timer.o)
 .group         0x00000000        0x8 C:\Users\10607176\Documents\Lab0\Lab0\Library\libLab0.a(timer.o)
 .group         0x00000000        0x8 C:\Users\10607176\Documents\Lab0\Lab0\Library\libLab0.a(timer.o)
 .group         0x00000000        0x8 C:\Users\10607176\Documents\Lab0\Lab0\Library\libLab0.a(timer.o)
 .group         0x00000000        0x8 C:\Users\10607176\Documents\Lab0\Lab0\Library\libLab0.a(timer.o)
 .group         0x00000000        0x8 C:\Users\10607176\Documents\Lab0\Lab0\Library\libLab0.a(timer.o)
 .text          0x00000000        0x0 C:\Users\10607176\Documents\Lab0\Lab0\Library\libLab0.a(timer.o)
 .data          0x00000000        0x0 C:\Users\10607176\Documents\Lab0\Lab0\Library\libLab0.a(timer.o)
 .bss           0x00000000        0x0 C:\Users\10607176\Documents\Lab0\Lab0\Library\libLab0.a(timer.o)
 .debug_macro   0x00000000      0x850 C:\Users\10607176\Documents\Lab0\Lab0\Library\libLab0.a(timer.o)
 .debug_macro   0x00000000       0x16 C:\Users\10607176\Documents\Lab0\Lab0\Library\libLab0.a(timer.o)
 .debug_macro   0x00000000       0x16 C:\Users\10607176\Documents\Lab0\Lab0\Library\libLab0.a(timer.o)
 .debug_macro   0x00000000       0x44 C:\Users\10607176\Documents\Lab0\Lab0\Library\libLab0.a(timer.o)
 .debug_macro   0x00000000      0x209 C:\Users\10607176\Documents\Lab0\Lab0\Library\libLab0.a(timer.o)
 .debug_macro   0x00000000    0x174af C:\Users\10607176\Documents\Lab0\Lab0\Library\libLab0.a(timer.o)
 .debug_macro   0x00000000     0x1800 C:\Users\10607176\Documents\Lab0\Lab0\Library\libLab0.a(timer.o)
 .debug_macro   0x00000000      0x14e C:\Users\10607176\Documents\Lab0\Lab0\Library\libLab0.a(timer.o)
 .debug_macro   0x00000000       0x64 C:\Users\10607176\Documents\Lab0\Lab0\Library\libLab0.a(timer.o)
 .debug_macro   0x00000000       0x8e C:\Users\10607176\Documents\Lab0\Lab0\Library\libLab0.a(timer.o)
 .debug_macro   0x00000000       0x22 C:\Users\10607176\Documents\Lab0\Lab0\Library\libLab0.a(timer.o)
 .text          0x00000000        0x0 c:/freescale/kds_3.0.0/toolchain/bin/../lib/gcc/arm-none-eabi/4.8.4/../../../../arm-none-eabi/lib/armv7e-m/fpu\libg_s.a(lib_a-exit.o)
 .data          0x00000000        0x0 c:/freescale/kds_3.0.0/toolchain/bin/../lib/gcc/arm-none-eabi/4.8.4/../../../../arm-none-eabi/lib/armv7e-m/fpu\libg_s.a(lib_a-exit.o)
 .bss           0x00000000        0x0 c:/freescale/kds_3.0.0/toolchain/bin/../lib/gcc/arm-none-eabi/4.8.4/../../../../arm-none-eabi/lib/armv7e-m/fpu\libg_s.a(lib_a-exit.o)
 .text          0x00000000        0x0 c:/freescale/kds_3.0.0/toolchain/bin/../lib/gcc/arm-none-eabi/4.8.4/../../../../arm-none-eabi/lib/armv7e-m/fpu\libg_s.a(lib_a-impure.o)
 .data          0x00000000        0x0 c:/freescale/kds_3.0.0/toolchain/bin/../lib/gcc/arm-none-eabi/4.8.4/../../../../arm-none-eabi/lib/armv7e-m/fpu\libg_s.a(lib_a-impure.o)
 .bss           0x00000000        0x0 c:/freescale/kds_3.0.0/toolchain/bin/../lib/gcc/arm-none-eabi/4.8.4/../../../../arm-none-eabi/lib/armv7e-m/fpu\libg_s.a(lib_a-impure.o)
 .data._impure_ptr
                0x00000000        0x4 c:/freescale/kds_3.0.0/toolchain/bin/../lib/gcc/arm-none-eabi/4.8.4/../../../../arm-none-eabi/lib/armv7e-m/fpu\libg_s.a(lib_a-impure.o)
 .text          0x00000000        0x0 c:/freescale/kds_3.0.0/toolchain/bin/../lib/gcc/arm-none-eabi/4.8.4/../../../../arm-none-eabi/lib/armv7e-m/fpu\libg_s.a(lib_a-init.o)
 .data          0x00000000        0x0 c:/freescale/kds_3.0.0/toolchain/bin/../lib/gcc/arm-none-eabi/4.8.4/../../../../arm-none-eabi/lib/armv7e-m/fpu\libg_s.a(lib_a-init.o)
 .bss           0x00000000        0x0 c:/freescale/kds_3.0.0/toolchain/bin/../lib/gcc/arm-none-eabi/4.8.4/../../../../arm-none-eabi/lib/armv7e-m/fpu\libg_s.a(lib_a-init.o)
 .text          0x00000000        0x0 c:/freescale/kds_3.0.0/toolchain/bin/../lib/gcc/arm-none-eabi/4.8.4/../../../../arm-none-eabi/lib/armv7e-m/fpu\libg_s.a(lib_a-memset.o)
 .data          0x00000000        0x0 c:/freescale/kds_3.0.0/toolchain/bin/../lib/gcc/arm-none-eabi/4.8.4/../../../../arm-none-eabi/lib/armv7e-m/fpu\libg_s.a(lib_a-memset.o)
 .bss           0x00000000        0x0 c:/freescale/kds_3.0.0/toolchain/bin/../lib/gcc/arm-none-eabi/4.8.4/../../../../arm-none-eabi/lib/armv7e-m/fpu\libg_s.a(lib_a-memset.o)
 .text          0x00000000        0x0 c:/freescale/kds_3.0.0/toolchain/bin/../lib/gcc/arm-none-eabi/4.8.4/../../../../arm-none-eabi/lib/armv7e-m/fpu\libnosys.a(_exit.o)
 .data          0x00000000        0x0 c:/freescale/kds_3.0.0/toolchain/bin/../lib/gcc/arm-none-eabi/4.8.4/../../../../arm-none-eabi/lib/armv7e-m/fpu\libnosys.a(_exit.o)
 .bss           0x00000000        0x0 c:/freescale/kds_3.0.0/toolchain/bin/../lib/gcc/arm-none-eabi/4.8.4/../../../../arm-none-eabi/lib/armv7e-m/fpu\libnosys.a(_exit.o)
 .text          0x00000000        0x0 c:/freescale/kds_3.0.0/toolchain/bin/../lib/gcc/arm-none-eabi/4.8.4/armv7e-m/fpu/crtend.o
 .data          0x00000000        0x0 c:/freescale/kds_3.0.0/toolchain/bin/../lib/gcc/arm-none-eabi/4.8.4/armv7e-m/fpu/crtend.o
 .bss           0x00000000        0x0 c:/freescale/kds_3.0.0/toolchain/bin/../lib/gcc/arm-none-eabi/4.8.4/armv7e-m/fpu/crtend.o
 .eh_frame      0x00000000        0x4 c:/freescale/kds_3.0.0/toolchain/bin/../lib/gcc/arm-none-eabi/4.8.4/armv7e-m/fpu/crtend.o
 .jcr           0x00000000        0x4 c:/freescale/kds_3.0.0/toolchain/bin/../lib/gcc/arm-none-eabi/4.8.4/armv7e-m/fpu/crtend.o
 .ARM.attributes
                0x00000000       0x34 c:/freescale/kds_3.0.0/toolchain/bin/../lib/gcc/arm-none-eabi/4.8.4/armv7e-m/fpu/crtend.o
 .text          0x00000000        0x0 c:/freescale/kds_3.0.0/toolchain/bin/../lib/gcc/arm-none-eabi/4.8.4/armv7e-m/fpu/crtn.o
 .data          0x00000000        0x0 c:/freescale/kds_3.0.0/toolchain/bin/../lib/gcc/arm-none-eabi/4.8.4/armv7e-m/fpu/crtn.o
 .bss           0x00000000        0x0 c:/freescale/kds_3.0.0/toolchain/bin/../lib/gcc/arm-none-eabi/4.8.4/armv7e-m/fpu/crtn.o

Memory Configuration

Name             Origin             Length             Attributes
m_interrupts     0x00000000         0x000001e8         xr
m_text           0x00000410         0x000ffbf0         xr
m_data           0x1fff0000         0x00010000         rw
m_data_20000000  0x20000000         0x00010000         rw
m_cfmprotrom     0x00000400         0x00000010         xr
*default*        0x00000000         0xffffffff

Linker script and memory map

LOAD c:/freescale/kds_3.0.0/toolchain/bin/../lib/gcc/arm-none-eabi/4.8.4/armv7e-m/fpu/crti.o
LOAD c:/freescale/kds_3.0.0/toolchain/bin/../lib/gcc/arm-none-eabi/4.8.4/armv7e-m/fpu/crtbegin.o
LOAD c:/freescale/kds_3.0.0/toolchain/bin/../lib/gcc/arm-none-eabi/4.8.4/../../../../arm-none-eabi/lib/armv7e-m/fpu/crt0.o
LOAD ./Sources/FIFO.o
LOAD ./Sources/main.o
LOAD ./Project_Settings/Startup_Code/startup.o
LOAD ./Generated_Code/Cpu.o
LOAD ./Generated_Code/Vectors.o
LOAD C:\Users\10607176\Documents\Lab0\Lab0\Library\libLab0.a
LOAD c:/freescale/kds_3.0.0/toolchain/bin/../lib/gcc/arm-none-eabi/4.8.4/../../../../arm-none-eabi/lib/armv7e-m/fpu\libstdc++_s.a
LOAD c:/freescale/kds_3.0.0/toolchain/bin/../lib/gcc/arm-none-eabi/4.8.4/../../../../arm-none-eabi/lib/armv7e-m/fpu\libm.a
START GROUP
LOAD c:/freescale/kds_3.0.0/toolchain/bin/../lib/gcc/arm-none-eabi/4.8.4/armv7e-m/fpu\libgcc.a
LOAD c:/freescale/kds_3.0.0/toolchain/bin/../lib/gcc/arm-none-eabi/4.8.4/../../../../arm-none-eabi/lib/armv7e-m/fpu\libg_s.a
LOAD c:/freescale/kds_3.0.0/toolchain/bin/../lib/gcc/arm-none-eabi/4.8.4/../../../../arm-none-eabi/lib/armv7e-m/fpu\libc_s.a
END GROUP
START GROUP
LOAD c:/freescale/kds_3.0.0/toolchain/bin/../lib/gcc/arm-none-eabi/4.8.4/armv7e-m/fpu\libgcc.a
LOAD c:/freescale/kds_3.0.0/toolchain/bin/../lib/gcc/arm-none-eabi/4.8.4/../../../../arm-none-eabi/lib/armv7e-m/fpu\libc_s.a
LOAD c:/freescale/kds_3.0.0/toolchain/bin/../lib/gcc/arm-none-eabi/4.8.4/../../../../arm-none-eabi/lib/armv7e-m/fpu\libnosys.a
END GROUP
START GROUP
LOAD c:/freescale/kds_3.0.0/toolchain/bin/../lib/gcc/arm-none-eabi/4.8.4/armv7e-m/fpu\libgcc.a
LOAD c:/freescale/kds_3.0.0/toolchain/bin/../lib/gcc/arm-none-eabi/4.8.4/../../../../arm-none-eabi/lib/armv7e-m/fpu\libc_s.a
LOAD c:/freescale/kds_3.0.0/toolchain/bin/../lib/gcc/arm-none-eabi/4.8.4/../../../../arm-none-eabi/lib/armv7e-m/fpu\libnosys.a
END GROUP
LOAD c:/freescale/kds_3.0.0/toolchain/bin/../lib/gcc/arm-none-eabi/4.8.4/armv7e-m/fpu/crtend.o
LOAD c:/freescale/kds_3.0.0/toolchain/bin/../lib/gcc/arm-none-eabi/4.8.4/armv7e-m/fpu/crtn.o
                0x20000000                _estack = 0x20000000
                0x20000000                __SP_INIT = _estack
                0x20000000                __stack = _estack
                0x00000000                __heap_size = 0x0
                0x00000400                __stack_size = 0x400

.interrupts     0x00000000      0x1e8
                0x00000000                __vector_table = .
                0x00000000                . = ALIGN (0x4)
 *(.vectortable)
 .vectortable   0x00000000      0x1e8 ./Generated_Code/Vectors.o
                0x00000000                __vect_table
                0x000001e8                . = ALIGN (0x4)

.cfmprotect     0x00000400       0x10
                0x00000400                . = ALIGN (0x4)
 *(.cfmconfig)
 .cfmconfig     0x00000400       0x10 ./Generated_Code/Cpu.o
                0x00000400                _cfm
                0x00000410                . = ALIGN (0x4)

.text           0x00000410      0x938
                0x00000410                . = ALIGN (0x4)
 *(.text)
 .text          0x00000410       0x54 c:/freescale/kds_3.0.0/toolchain/bin/../lib/gcc/arm-none-eabi/4.8.4/armv7e-m/fpu/crtbegin.o
 .text          0x00000464       0x74 c:/freescale/kds_3.0.0/toolchain/bin/../lib/gcc/arm-none-eabi/4.8.4/../../../../arm-none-eabi/lib/armv7e-m/fpu/crt0.o
                0x00000464                _start
                0x00000464                _mainCRTStartup
 *(.text*)
 .text.FIFO_input
                0x000004d8       0x40 ./Sources/main.o
                0x000004d8                FIFO_input
 .text.OneSecondElapsed
                0x00000518       0x68 ./Sources/main.o
 .text.Button1Pressed
                0x00000580       0x4c ./Sources/main.o
 .text.TowerInit
                0x000005cc       0x24 ./Sources/main.o
 .text.main     0x000005f0       0x10 ./Sources/main.o
                0x000005f0                main
 .text.__copy_rom_section
                0x00000600       0xe4 ./Project_Settings/Startup_Code/startup.o
                0x00000600                __copy_rom_section
 .text.__copy_rom_sections_to_ram
                0x000006e4       0x9c ./Project_Settings/Startup_Code/startup.o
                0x000006e4                __copy_rom_sections_to_ram
 .text.__init_registers
                0x00000780       0x20 ./Project_Settings/Startup_Code/startup.o
                0x00000780                __init_registers
 .text.__init_user
                0x000007a0        0xc ./Project_Settings/Startup_Code/startup.o
                0x000007a0                __init_user
 .text.__thumb_startup
                0x000007ac       0x34 ./Project_Settings/Startup_Code/startup.o
                0x000007ac                __thumb_startup
 .text.Cpu_Interrupt
                0x000007e0       0x18 ./Generated_Code/Cpu.o
                0x000007e0                Cpu_Interrupt
 .text.__init_hardware
                0x000007f8      0x150 ./Generated_Code/Cpu.o
                0x000007f8                __init_hardware
 .text.Cpu_SetBASEPRI
                0x00000948       0x18 ./Generated_Code/Cpu.o
                0x00000948                Cpu_SetBASEPRI
 .text.PE_low_level_init
                0x00000960       0xe4 ./Generated_Code/Cpu.o
                0x00000960                PE_low_level_init
 .text.LEDs_Init
                0x00000a44       0x70 C:\Users\10607176\Documents\Lab0\Lab0\Library\libLab0.a(LEDs.o)
                0x00000a44                LEDs_Init
 .text.LEDs_Toggle
                0x00000ab4       0x1c C:\Users\10607176\Documents\Lab0\Lab0\Library\libLab0.a(LEDs.o)
                0x00000ab4                LEDs_Toggle
 .text.Buttons_Init
                0x00000ad0       0xfc C:\Users\10607176\Documents\Lab0\Lab0\Library\libLab0.a(buttons.o)
                0x00000ad0                Buttons_Init
 .text.PortE_ISR
                0x00000bcc       0x4c C:\Users\10607176\Documents\Lab0\Lab0\Library\libLab0.a(buttons.o)
                0x00000bcc                PortE_ISR
 .text.Timer_Init
                0x00000c18       0x40 C:\Users\10607176\Documents\Lab0\Lab0\Library\libLab0.a(timer.o)
                0x00000c18                Timer_Init
 .text.Timer_TickISR
                0x00000c58       0x48 C:\Users\10607176\Documents\Lab0\Lab0\Library\libLab0.a(timer.o)
                0x00000c58                Timer_TickISR
 .text.exit     0x00000ca0       0x28 c:/freescale/kds_3.0.0/toolchain/bin/../lib/gcc/arm-none-eabi/4.8.4/../../../../arm-none-eabi/lib/armv7e-m/fpu\libg_s.a(lib_a-exit.o)
                0x00000ca0                exit
 .text.__libc_init_array
                0x00000cc8       0x4c c:/freescale/kds_3.0.0/toolchain/bin/../lib/gcc/arm-none-eabi/4.8.4/../../../../arm-none-eabi/lib/armv7e-m/fpu\libg_s.a(lib_a-init.o)
                0x00000cc8                __libc_init_array
 .text.memset   0x00000d14       0x10 c:/freescale/kds_3.0.0/toolchain/bin/../lib/gcc/arm-none-eabi/4.8.4/../../../../arm-none-eabi/lib/armv7e-m/fpu\libg_s.a(lib_a-memset.o)
                0x00000d14                memset
 .text._exit    0x00000d24        0x4 c:/freescale/kds_3.0.0/toolchain/bin/../lib/gcc/arm-none-eabi/4.8.4/../../../../arm-none-eabi/lib/armv7e-m/fpu\libnosys.a(_exit.o)
                0x00000d24                _exit
 *(.rodata)
 *(.rodata*)
 .rodata.str1.1
                0x00000d28        0x2 c:/freescale/kds_3.0.0/toolchain/bin/../lib/gcc/arm-none-eabi/4.8.4/../../../../arm-none-eabi/lib/armv7e-m/fpu\libg_s.a(lib_a-impure.o)
 *fill*         0x00000d2a        0x2 
 .rodata._global_impure_ptr
                0x00000d2c        0x4 c:/freescale/kds_3.0.0/toolchain/bin/../lib/gcc/arm-none-eabi/4.8.4/../../../../arm-none-eabi/lib/armv7e-m/fpu\libg_s.a(lib_a-impure.o)
                0x00000d2c                _global_impure_ptr
 *(.glue_7)
 .glue_7        0x00000000        0x0 linker stubs
 *(.glue_7t)
 .glue_7t       0x00000000        0x0 linker stubs
 *(.eh_frame)
 .eh_frame      0x00000d30        0x0 c:/freescale/kds_3.0.0/toolchain/bin/../lib/gcc/arm-none-eabi/4.8.4/armv7e-m/fpu/crtbegin.o
 *(.init)
 .init          0x00000d30        0x4 c:/freescale/kds_3.0.0/toolchain/bin/../lib/gcc/arm-none-eabi/4.8.4/armv7e-m/fpu/crti.o
                0x00000d30                _init
 .init          0x00000d34        0x8 c:/freescale/kds_3.0.0/toolchain/bin/../lib/gcc/arm-none-eabi/4.8.4/armv7e-m/fpu/crtn.o
 *(.fini)
 .fini          0x00000d3c        0x4 c:/freescale/kds_3.0.0/toolchain/bin/../lib/gcc/arm-none-eabi/4.8.4/armv7e-m/fpu/crti.o
                0x00000d3c                _fini
 .fini          0x00000d40        0x8 c:/freescale/kds_3.0.0/toolchain/bin/../lib/gcc/arm-none-eabi/4.8.4/armv7e-m/fpu/crtn.o
                0x00000d48                . = ALIGN (0x4)
                0x00000d48                _etext = .

.vfp11_veneer   0x00000d48        0x0
 .vfp11_veneer  0x00000000        0x0 linker stubs

.v4_bx          0x00000d48        0x0
 .v4_bx         0x00000000        0x0 linker stubs

.iplt           0x00000d48        0x0
 .iplt          0x00000000        0x0 c:/freescale/kds_3.0.0/toolchain/bin/../lib/gcc/arm-none-eabi/4.8.4/armv7e-m/fpu/crtbegin.o

.ARM.extab
 *(.ARM.extab* .gnu.linkonce.armextab.*)

.ARM            0x00000d48        0x8
                0x00000d48                __exidx_start = .
 *(.ARM.exidx*)
 .ARM.exidx     0x00000d48        0x8 c:/freescale/kds_3.0.0/toolchain/bin/../lib/gcc/arm-none-eabi/4.8.4/../../../../arm-none-eabi/lib/armv7e-m/fpu/crt0.o
                0x00000d50                __exidx_end = .

.rel.dyn        0x00000d50        0x0
 .rel.iplt      0x00000000        0x0 c:/freescale/kds_3.0.0/toolchain/bin/../lib/gcc/arm-none-eabi/4.8.4/armv7e-m/fpu/crtbegin.o

.ctors          0x00000d50        0x0
                0x00000d50                __CTOR_LIST__ = .
 *crtbegin.o(.ctors)
 *(EXCLUDE_FILE(*crtend.o) .ctors)
 *(SORT(.ctors.*))
 *(.ctors)
                0x00000d50                __CTOR_END__ = .

.dtors          0x00000d50        0x0
                0x00000d50                __DTOR_LIST__ = .
 *crtbegin.o(.dtors)
 *(EXCLUDE_FILE(*crtend.o) .dtors)
 *(SORT(.dtors.*))
 *(.dtors)
                0x00000d50                __DTOR_END__ = .

.preinit_array  0x00000d50        0x0
                0x00000d50                PROVIDE (__preinit_array_start, .)
 *(.preinit_array*)
                0x00000d50                PROVIDE (__preinit_array_end, .)

.init_array     0x00000d50        0x4
                0x00000d50                PROVIDE (__init_array_start, .)
 *(SORT(.init_array.*))
 *(.init_array*)
 .init_array    0x00000d50        0x4 c:/freescale/kds_3.0.0/toolchain/bin/../lib/gcc/arm-none-eabi/4.8.4/armv7e-m/fpu/crtbegin.o
                0x00000d54                PROVIDE (__init_array_end, .)

.fini_array     0x00000d54        0x4
                0x00000d54                PROVIDE (__fini_array_start, .)
 *(SORT(.fini_array.*))
 *(.fini_array*)
 .fini_array    0x00000d54        0x4 c:/freescale/kds_3.0.0/toolchain/bin/../lib/gcc/arm-none-eabi/4.8.4/armv7e-m/fpu/crtbegin.o
                0x00000d58                PROVIDE (__fini_array_end, .)
                0x00000d58                ___ROM_AT = .

.data           0x1fff0000       0x68 load address 0x00000d58
                0x1fff0000                . = ALIGN (0x4)
                0x1fff0000                _sdata = .
 *(.data)
 *(.data*)
 .data.Button1Setup
                0x1fff0000        0x8 C:\Users\10607176\Documents\Lab0\Lab0\Library\libLab0.a(buttons.o)
                0x1fff0000                Button1Setup
 .data.impure_data
                0x1fff0008       0x60 c:/freescale/kds_3.0.0/toolchain/bin/../lib/gcc/arm-none-eabi/4.8.4/../../../../arm-none-eabi/lib/armv7e-m/fpu\libg_s.a(lib_a-impure.o)
                0x1fff0068                . = ALIGN (0x4)
                0x1fff0068                _edata = .
                0x00000068                ___data_size = (_edata - _sdata)
                0x00000dc0                ___m_data_20000000_ROMStart = (___ROM_AT + SIZEOF (.data))

.jcr            0x1fff0068        0x0 load address 0x00000dc0
 .jcr           0x1fff0068        0x0 c:/freescale/kds_3.0.0/toolchain/bin/../lib/gcc/arm-none-eabi/4.8.4/armv7e-m/fpu/crtbegin.o

.igot.plt       0x1fff0068        0x0 load address 0x00000dc0
 .igot.plt      0x00000000        0x0 c:/freescale/kds_3.0.0/toolchain/bin/../lib/gcc/arm-none-eabi/4.8.4/armv7e-m/fpu/crtbegin.o

.m_data_20000000
                0x20000000        0x0 load address 0x00000dc0
                0x20000000                . = ALIGN (0x4)
                0x20000000                ___m_data_20000000_RAMStart = .
 *(.m_data_20000000)
                0x20000000                ___m_data_20000000_RAMEnd = .
                0x20000000                . = ALIGN (0x4)
                0x00000000                ___m_data_20000000_ROMSize = (___m_data_20000000_RAMEnd - ___m_data_20000000_RAMStart)
                0x20000000                . = ALIGN (0x4)

.bss            0x1fff0068       0x4c load address 0x00000dc0
                0x1fff0068                __START_BSS = .
                0x1fff0068                PROVIDE (__bss_start__, __START_BSS)
 *(.bss)
 .bss           0x1fff0068       0x1c c:/freescale/kds_3.0.0/toolchain/bin/../lib/gcc/arm-none-eabi/4.8.4/armv7e-m/fpu/crtbegin.o
 *(.bss*)
 .bss.Counter   0x1fff0084        0x4 ./Sources/main.o
                0x1fff0084                Counter
 .bss.Seconds   0x1fff0088        0x1 ./Sources/main.o
                0x1fff0088                Seconds
 .bss.Minutes   0x1fff0089        0x1 ./Sources/main.o
                0x1fff0089                Minutes
 .bss.Hours     0x1fff008a        0x1 ./Sources/main.o
                0x1fff008a                Hours
 *fill*         0x1fff008b        0x1 
 .bss.ButtonSetup
                0x1fff008c        0x8 C:\Users\10607176\Documents\Lab0\Lab0\Library\libLab0.a(buttons.o)
 .bss.PcrPtr    0x1fff0094        0x4 C:\Users\10607176\Documents\Lab0\Lab0\Library\libLab0.a(buttons.o)
 .bss.UserFunction
                0x1fff0098        0x4 C:\Users\10607176\Documents\Lab0\Lab0\Library\libLab0.a(timer.o)
 .bss.count.6526
                0x1fff009c        0x1 C:\Users\10607176\Documents\Lab0\Lab0\Library\libLab0.a(timer.o)
 *(COMMON)
 *fill*         0x1fff009d        0x3 
 COMMON         0x1fff00a0       0x14 ./Sources/main.o
                0x1fff00a0                Buffer
                0x1fff00b4                . = ALIGN (0x4)
                0x1fff00b4                __END_BSS = .
                0x1fff00b4                PROVIDE (__bss_end__, __END_BSS)
                0x00000dc0                _romp_at = ((___ROM_AT + SIZEOF (.data)) + SIZEOF (.m_data_20000000))

.romp           0x1fff00b4       0x24 load address 0x00000dc0
                0x00000dc0                __S_romp = _romp_at
                0x1fff00b4        0x4 LONG 0xd58 ___ROM_AT
                0x1fff00b8        0x4 LONG 0x1fff0000 _sdata
                0x1fff00bc        0x4 LONG 0x68 ___data_size
                0x1fff00c0        0x4 LONG 0xdc0 ___m_data_20000000_ROMStart
                0x1fff00c4        0x4 LONG 0x20000000 ___m_data_20000000_RAMStart
                0x1fff00c8        0x4 LONG 0x0 ___m_data_20000000_ROMSize
                0x1fff00cc        0x4 LONG 0x0
                0x1fff00d0        0x4 LONG 0x0
                0x1fff00d4        0x4 LONG 0x0

._user_heap_stack
                0x1fff00d8      0x400 load address 0x00000de4
                0x1fff00d8                . = ALIGN (0x4)
                0x1fff00d8                PROVIDE (end, .)
                0x1fff00d8                PROVIDE (_end, .)
                0x1fff00d8                __heap_addr = .
                0x1fff00d8                __HeapBase = .
                0x1fff00d8                . = (. + __heap_size)
                0x1fff00d8                __HeapLimit = .
                0x1fff04d8                . = (. + __stack_size)
 *fill*         0x1fff00d8      0x400 
                0x1fff04d8                . = ALIGN (0x4)

.ARM.attributes
                0x00000000       0x30
 *(.ARM.attributes)
 .ARM.attributes
                0x00000000       0x22 c:/freescale/kds_3.0.0/toolchain/bin/../lib/gcc/arm-none-eabi/4.8.4/armv7e-m/fpu/crti.o
 .ARM.attributes
                0x00000022       0x34 c:/freescale/kds_3.0.0/toolchain/bin/../lib/gcc/arm-none-eabi/4.8.4/armv7e-m/fpu/crtbegin.o
 .ARM.attributes
                0x00000056       0x20 c:/freescale/kds_3.0.0/toolchain/bin/../lib/gcc/arm-none-eabi/4.8.4/../../../../arm-none-eabi/lib/armv7e-m/fpu/crt0.o
 .ARM.attributes
                0x00000076       0x39 ./Sources/main.o
 .ARM.attributes
                0x000000af       0x39 ./Project_Settings/Startup_Code/startup.o
 .ARM.attributes
                0x000000e8       0x39 ./Generated_Code/Cpu.o
 .ARM.attributes
                0x00000121       0x39 ./Generated_Code/Vectors.o
 .ARM.attributes
                0x0000015a       0x39 C:\Users\10607176\Documents\Lab0\Lab0\Library\libLab0.a(LEDs.o)
 .ARM.attributes
                0x00000193       0x39 C:\Users\10607176\Documents\Lab0\Lab0\Library\libLab0.a(buttons.o)
 .ARM.attributes
                0x000001cc       0x39 C:\Users\10607176\Documents\Lab0\Lab0\Library\libLab0.a(timer.o)
 .ARM.attributes
                0x00000205       0x34 c:/freescale/kds_3.0.0/toolchain/bin/../lib/gcc/arm-none-eabi/4.8.4/../../../../arm-none-eabi/lib/armv7e-m/fpu\libg_s.a(lib_a-exit.o)
 .ARM.attributes
                0x00000239       0x34 c:/freescale/kds_3.0.0/toolchain/bin/../lib/gcc/arm-none-eabi/4.8.4/../../../../arm-none-eabi/lib/armv7e-m/fpu\libg_s.a(lib_a-impure.o)
 .ARM.attributes
                0x0000026d       0x34 c:/freescale/kds_3.0.0/toolchain/bin/../lib/gcc/arm-none-eabi/4.8.4/../../../../arm-none-eabi/lib/armv7e-m/fpu\libg_s.a(lib_a-init.o)
 .ARM.attributes
                0x000002a1       0x34 c:/freescale/kds_3.0.0/toolchain/bin/../lib/gcc/arm-none-eabi/4.8.4/../../../../arm-none-eabi/lib/armv7e-m/fpu\libg_s.a(lib_a-memset.o)
 .ARM.attributes
                0x000002d5       0x34 c:/freescale/kds_3.0.0/toolchain/bin/../lib/gcc/arm-none-eabi/4.8.4/../../../../arm-none-eabi/lib/armv7e-m/fpu\libnosys.a(_exit.o)
 .ARM.attributes
                0x00000309       0x22 c:/freescale/kds_3.0.0/toolchain/bin/../lib/gcc/arm-none-eabi/4.8.4/armv7e-m/fpu/crtn.o
OUTPUT(Lab0.elf elf32-littlearm)

.debug_info     0x00000000     0x1e6a
 .debug_info    0x00000000      0x1cb ./Sources/main.o
 .debug_info    0x000001cb      0x3b0 ./Project_Settings/Startup_Code/startup.o
 .debug_info    0x0000057b      0xb89 ./Generated_Code/Cpu.o
 .debug_info    0x00001104      0x10f ./Generated_Code/Vectors.o
 .debug_info    0x00001213      0x4a3 C:\Users\10607176\Documents\Lab0\Lab0\Library\libLab0.a(LEDs.o)
 .debug_info    0x000016b6      0x647 C:\Users\10607176\Documents\Lab0\Lab0\Library\libLab0.a(buttons.o)
 .debug_info    0x00001cfd      0x16d C:\Users\10607176\Documents\Lab0\Lab0\Library\libLab0.a(timer.o)

.debug_abbrev   0x00000000      0x84e
 .debug_abbrev  0x00000000       0xf3 ./Sources/main.o
 .debug_abbrev  0x000000f3      0x189 ./Project_Settings/Startup_Code/startup.o
 .debug_abbrev  0x0000027c      0x185 ./Generated_Code/Cpu.o
 .debug_abbrev  0x00000401       0xa4 ./Generated_Code/Vectors.o
 .debug_abbrev  0x000004a5      0x155 C:\Users\10607176\Documents\Lab0\Lab0\Library\libLab0.a(LEDs.o)
 .debug_abbrev  0x000005fa      0x177 C:\Users\10607176\Documents\Lab0\Lab0\Library\libLab0.a(buttons.o)
 .debug_abbrev  0x00000771       0xdd C:\Users\10607176\Documents\Lab0\Lab0\Library\libLab0.a(timer.o)

.debug_aranges  0x00000000      0x168
 .debug_aranges
                0x00000000       0x40 ./Sources/main.o
 .debug_aranges
                0x00000040       0x50 ./Project_Settings/Startup_Code/startup.o
 .debug_aranges
                0x00000090       0x38 ./Generated_Code/Cpu.o
 .debug_aranges
                0x000000c8       0x18 ./Generated_Code/Vectors.o
 .debug_aranges
                0x000000e0       0x38 C:\Users\10607176\Documents\Lab0\Lab0\Library\libLab0.a(LEDs.o)
 .debug_aranges
                0x00000118       0x28 C:\Users\10607176\Documents\Lab0\Lab0\Library\libLab0.a(buttons.o)
 .debug_aranges
                0x00000140       0x28 C:\Users\10607176\Documents\Lab0\Lab0\Library\libLab0.a(timer.o)

.debug_ranges   0x00000000       0xf0
 .debug_ranges  0x00000000       0x30 ./Sources/main.o
 .debug_ranges  0x00000030       0x40 ./Project_Settings/Startup_Code/startup.o
 .debug_ranges  0x00000070       0x28 ./Generated_Code/Cpu.o
 .debug_ranges  0x00000098       0x28 C:\Users\10607176\Documents\Lab0\Lab0\Library\libLab0.a(LEDs.o)
 .debug_ranges  0x000000c0       0x18 C:\Users\10607176\Documents\Lab0\Lab0\Library\libLab0.a(buttons.o)
 .debug_ranges  0x000000d8       0x18 C:\Users\10607176\Documents\Lab0\Lab0\Library\libLab0.a(timer.o)

.debug_macro    0x00000000    0x32e6c
 .debug_macro   0x00000000       0xc6 ./Sources/main.o
 .debug_macro   0x000000c6       0x16 ./Sources/main.o
 .debug_macro   0x000000dc       0x44 ./Sources/main.o
 .debug_macro   0x00000120      0x209 ./Sources/main.o
 .debug_macro   0x00000329     0x17fa ./Sources/main.o
 .debug_macro   0x00001b23      0x14e ./Sources/main.o
 .debug_macro   0x00001c71       0x64 ./Sources/main.o
 .debug_macro   0x00001cd5    0x174c1 ./Sources/main.o
 .debug_macro   0x00019196       0x8e ./Sources/main.o
 .debug_macro   0x00019224       0x22 ./Sources/main.o
 .debug_macro   0x00019246      0x121 ./Project_Settings/Startup_Code/startup.o
 .debug_macro   0x00019367       0x58 ./Project_Settings/Startup_Code/startup.o
 .debug_macro   0x000193bf       0x35 ./Project_Settings/Startup_Code/startup.o
 .debug_macro   0x000193f4       0xa3 ./Project_Settings/Startup_Code/startup.o
 .debug_macro   0x00019497      0x166 ./Project_Settings/Startup_Code/startup.o
 .debug_macro   0x000195fd       0x4a ./Project_Settings/Startup_Code/startup.o
 .debug_macro   0x00019647       0x52 ./Project_Settings/Startup_Code/startup.o
 .debug_macro   0x00019699       0x16 ./Project_Settings/Startup_Code/startup.o
 .debug_macro   0x000196af       0x43 ./Project_Settings/Startup_Code/startup.o
 .debug_macro   0x000196f2      0x180 ./Project_Settings/Startup_Code/startup.o
 .debug_macro   0x00019872      0x2a6 ./Project_Settings/Startup_Code/startup.o
 .debug_macro   0x00019b18       0x10 ./Project_Settings/Startup_Code/startup.o
 .debug_macro   0x00019b28       0x35 ./Project_Settings/Startup_Code/startup.o
 .debug_macro   0x00019b5d       0x16 ./Project_Settings/Startup_Code/startup.o
 .debug_macro   0x00019b73       0x22 ./Project_Settings/Startup_Code/startup.o
 .debug_macro   0x00019b95       0x16 ./Project_Settings/Startup_Code/startup.o
 .debug_macro   0x00019bab      0x20f ./Project_Settings/Startup_Code/startup.o
 .debug_macro   0x00019dba    0x174af ./Project_Settings/Startup_Code/startup.o
 .debug_macro   0x00031269       0x84 ./Generated_Code/Cpu.o
 .debug_macro   0x000312ed       0x94 ./Generated_Code/Cpu.o
 .debug_macro   0x00031381       0xac ./Generated_Code/Vectors.o
 .debug_macro   0x0003142d       0x68 C:\Users\10607176\Documents\Lab0\Lab0\Library\libLab0.a(LEDs.o)
 .debug_macro   0x00031495       0xa0 C:\Users\10607176\Documents\Lab0\Lab0\Library\libLab0.a(buttons.o)
 .debug_macro   0x00031535     0x1800 C:\Users\10607176\Documents\Lab0\Lab0\Library\libLab0.a(buttons.o)
 .debug_macro   0x00032d35       0x8e C:\Users\10607176\Documents\Lab0\Lab0\Library\libLab0.a(buttons.o)
 .debug_macro   0x00032dc3       0xa9 C:\Users\10607176\Documents\Lab0\Lab0\Library\libLab0.a(timer.o)

.debug_line     0x00000000     0x117c
 .debug_line    0x00000000      0x2f4 ./Sources/main.o
 .debug_line    0x000002f4      0x3cc ./Project_Settings/Startup_Code/startup.o
 .debug_line    0x000006c0      0x268 ./Generated_Code/Cpu.o
 .debug_line    0x00000928      0x24f ./Generated_Code/Vectors.o
 .debug_line    0x00000b77      0x1e7 C:\Users\10607176\Documents\Lab0\Lab0\Library\libLab0.a(LEDs.o)
 .debug_line    0x00000d5e      0x215 C:\Users\10607176\Documents\Lab0\Lab0\Library\libLab0.a(buttons.o)
 .debug_line    0x00000f73      0x209 C:\Users\10607176\Documents\Lab0\Lab0\Library\libLab0.a(timer.o)

.debug_str      0x00000000    0x8d1a3
 .debug_str     0x00000000    0x8a57f ./Sources/main.o
                              0x8a6e3 (size before relaxing)
 .debug_str     0x0008a57f     0x2694 ./Project_Settings/Startup_Code/startup.o
                              0x853ec (size before relaxing)
 .debug_str     0x0008cc13      0x344 ./Generated_Code/Cpu.o
                              0x8a9bd (size before relaxing)
 .debug_str     0x0008cf57       0x1c ./Generated_Code/Vectors.o
                              0x8a668 (size before relaxing)
 .debug_str     0x0008cf73       0xd0 C:\Users\10607176\Documents\Lab0\Lab0\Library\libLab0.a(LEDs.o)
                              0x82f0f (size before relaxing)
 .debug_str     0x0008d043       0xfa C:\Users\10607176\Documents\Lab0\Lab0\Library\libLab0.a(buttons.o)
                              0x8a8f0 (size before relaxing)
 .debug_str     0x0008d13d       0x66 C:\Users\10607176\Documents\Lab0\Lab0\Library\libLab0.a(timer.o)
                              0x8a6af (size before relaxing)

.comment        0x00000000       0x70
 .comment       0x00000000       0x70 ./Sources/main.o
                                 0x71 (size before relaxing)
 .comment       0x00000000       0x71 ./Project_Settings/Startup_Code/startup.o
 .comment       0x00000000       0x71 ./Generated_Code/Cpu.o
 .comment       0x00000000       0x71 ./Generated_Code/Vectors.o
 .comment       0x00000000       0x71 C:\Users\10607176\Documents\Lab0\Lab0\Library\libLab0.a(LEDs.o)
 .comment       0x00000000       0x71 C:\Users\10607176\Documents\Lab0\Lab0\Library\libLab0.a(buttons.o)
 .comment       0x00000000       0x71 C:\Users\10607176\Documents\Lab0\Lab0\Library\libLab0.a(timer.o)

.debug_frame    0x00000000      0x394
 .debug_frame   0x00000000       0xa0 ./Sources/main.o
 .debug_frame   0x000000a0       0xc0 ./Project_Settings/Startup_Code/startup.o
 .debug_frame   0x00000160       0x80 ./Generated_Code/Cpu.o
 .debug_frame   0x000001e0       0x80 C:\Users\10607176\Documents\Lab0\Lab0\Library\libLab0.a(LEDs.o)
 .debug_frame   0x00000260       0x50 C:\Users\10607176\Documents\Lab0\Lab0\Library\libLab0.a(buttons.o)
 .debug_frame   0x000002b0       0x50 C:\Users\10607176\Documents\Lab0\Lab0\Library\libLab0.a(timer.o)
 .debug_frame   0x00000300       0x28 c:/freescale/kds_3.0.0/toolchain/bin/../lib/gcc/arm-none-eabi/4.8.4/../../../../arm-none-eabi/lib/armv7e-m/fpu\libg_s.a(lib_a-exit.o)
 .debug_frame   0x00000328       0x2c c:/freescale/kds_3.0.0/toolchain/bin/../lib/gcc/arm-none-eabi/4.8.4/../../../../arm-none-eabi/lib/armv7e-m/fpu\libg_s.a(lib_a-init.o)
 .debug_frame   0x00000354       0x20 c:/freescale/kds_3.0.0/toolchain/bin/../lib/gcc/arm-none-eabi/4.8.4/../../../../arm-none-eabi/lib/armv7e-m/fpu\libg_s.a(lib_a-memset.o)
 .debug_frame   0x00000374       0x20 c:/freescale/kds_3.0.0/toolchain/bin/../lib/gcc/arm-none-eabi/4.8.4/../../../../arm-none-eabi/lib/armv7e-m/fpu\libnosys.a(_exit.o)
